../Core/Src/main.c:166:5:main	8	static
../Core/Src/main.c:230:6:SystemClock_Config	88	static
../Core/Src/main.c:276:13:MX_I2S2_Init	8	static
../Core/Src/main.c:310:13:MX_USART2_UART_Init	8	static
../Core/Src/main.c:341:13:MX_DMA_Init	16	static
../Core/Src/main.c:365:13:MX_GPIO_Init	48	static
../Core/Src/main.c:399:6:HAL_I2SEx_TxRxHalfCpltCallback	16	static
../Core/Src/main.c:404:6:HAL_I2SEx_TxRxCpltCallback	16	static
../Core/Src/main.c:409:6:HAL_UART_TxCpltCallback	16	static
../Core/Src/main.c:418:6:HAL_UART_RxCpltCallback	24	static
../Core/Src/main.c:439:6:receiveString	24	static
../Core/Src/main.c:450:6:interpretCommand	8	static
../Core/Src/main.c:483:6:AdaptInit	24	static
../Core/Src/main.c:500:6:FilterInit	16	static
../Core/Src/main.c:510:6:AudioProcess	16	static
../Core/Src/main.c:571:6:Stop	16	static
../Core/Src/main.c:580:6:Adapt	32	static
../Core/Src/main.c:603:6:Filter	8	static
../Core/Src/main.c:610:6:Loopback	16	static
../Core/Src/main.c:619:6:vumeterR	16	static
../Core/Src/main.c:650:6:vumeterL	16	static
../Core/Src/main.c:687:6:Error_Handler	4	static,ignoring_inline_asm
